



<!DOCTYPE html>
<html lang="en">
  
  <head>
    
      <meta charset="utf-8">
      <title>Bokeh Plot</title>
      
      
        
          
        <link rel="stylesheet" href="https://cdn.pydata.org/bokeh/release/bokeh-1.0.1.min.css" type="text/css" />
        
        
          
        <script type="text/javascript" src="https://cdn.pydata.org/bokeh/release/bokeh-1.0.1.min.js"></script>
        <script type="text/javascript">
            Bokeh.set_log_level("info");
        </script>
        
      
      
    
  </head>
  
  
  <body>
    
      
        
          
          
            
              <div class="bk-root" id="fabd2668-b38f-4c7b-af18-fa71f5547b6a"></div>
            
          
        
      
      
        <script type="application/json" id="174502">
          {"7fbae080-3e62-421b-a835-b35c35d6cbbf":{"roots":{"references":[{"attributes":{"callback":null,"data":{"top":[1],"x":["26"]},"selected":{"id":"174443","type":"Selection"},"selection_policy":{"id":"174444","type":"UnionRenderers"}},"id":"174433","type":"ColumnDataSource"},{"attributes":{"source":{"id":"174433","type":"ColumnDataSource"}},"id":"174437","type":"CDSView"},{"attributes":{"data_source":{"id":"174433","type":"ColumnDataSource"},"glyph":{"id":"174434","type":"VBar"},"hover_glyph":null,"muted_glyph":null,"nonselection_glyph":{"id":"174435","type":"VBar"},"selection_glyph":null,"view":{"id":"174437","type":"CDSView"}},"id":"174436","type":"GlyphRenderer"},{"attributes":{"plot":null,"text":"Golden - Average Age = 26.0 and Standard Deviation = 0.0"},"id":"174398","type":"Title"},{"attributes":{"below":[{"id":"174409","type":"CategoricalAxis"}],"left":[{"id":"174413","type":"LinearAxis"}],"plot_height":250,"renderers":[{"id":"174409","type":"CategoricalAxis"},{"id":"174412","type":"Grid"},{"id":"174413","type":"LinearAxis"},{"id":"174417","type":"Grid"},{"id":"174426","type":"BoxAnnotation"},{"id":"174436","type":"GlyphRenderer"}],"title":{"id":"174398","type":"Title"},"toolbar":{"id":"174424","type":"Toolbar"},"x_range":{"id":"174401","type":"FactorRange"},"x_scale":{"id":"174405","type":"CategoricalScale"},"y_range":{"id":"174403","type":"DataRange1d"},"y_scale":{"id":"174407","type":"LinearScale"}},"id":"174399","subtype":"Figure","type":"Plot"},{"attributes":{},"id":"174419","type":"WheelZoomTool"},{"attributes":{},"id":"174418","type":"PanTool"},{"attributes":{},"id":"174410","type":"CategoricalTicker"},{"attributes":{"axis_label":"Number of Drug Users","formatter":{"id":"174442","type":"BasicTickFormatter"},"plot":{"id":"174399","subtype":"Figure","type":"Plot"},"ticker":{"id":"174414","type":"BasicTicker"}},"id":"174413","type":"LinearAxis"},{"attributes":{"grid_line_color":{"value":null},"plot":{"id":"174399","subtype":"Figure","type":"Plot"},"ticker":{"id":"174410","type":"CategoricalTicker"}},"id":"174412","type":"Grid"},{"attributes":{},"id":"174414","type":"BasicTicker"},{"attributes":{"dimension":1,"plot":{"id":"174399","subtype":"Figure","type":"Plot"},"ticker":{"id":"174414","type":"BasicTicker"}},"id":"174417","type":"Grid"},{"attributes":{},"id":"174421","type":"SaveTool"},{"attributes":{"active_drag":"auto","active_inspect":"auto","active_multi":null,"active_scroll":"auto","active_tap":"auto","tools":[{"id":"174418","type":"PanTool"},{"id":"174419","type":"WheelZoomTool"},{"id":"174420","type":"BoxZoomTool"},{"id":"174421","type":"SaveTool"},{"id":"174422","type":"ResetTool"},{"id":"174423","type":"HelpTool"}]},"id":"174424","type":"Toolbar"},{"attributes":{"bottom_units":"screen","fill_alpha":{"value":0.5},"fill_color":{"value":"lightgrey"},"left_units":"screen","level":"overlay","line_alpha":{"value":1.0},"line_color":{"value":"black"},"line_dash":[4,4],"line_width":{"value":2},"plot":null,"render_mode":"css","right_units":"screen","top_units":"screen"},"id":"174426","type":"BoxAnnotation"},{"attributes":{"overlay":{"id":"174426","type":"BoxAnnotation"}},"id":"174420","type":"BoxZoomTool"},{"attributes":{"fill_alpha":{"value":0.1},"fill_color":{"value":"#1f77b4"},"line_alpha":{"value":0.1},"line_color":{"value":"#1f77b4"},"top":{"field":"top"},"width":{"value":0.9},"x":{"field":"x"}},"id":"174435","type":"VBar"},{"attributes":{},"id":"174422","type":"ResetTool"},{"attributes":{},"id":"174423","type":"HelpTool"},{"attributes":{"fill_color":{"value":"#1f77b4"},"line_color":{"value":"#1f77b4"},"top":{"field":"top"},"width":{"value":0.9},"x":{"field":"x"}},"id":"174434","type":"VBar"},{"attributes":{},"id":"174444","type":"UnionRenderers"},{"attributes":{"axis_label":"Age","formatter":{"id":"174440","type":"CategoricalTickFormatter"},"major_label_orientation":0.7853981633974483,"plot":{"id":"174399","subtype":"Figure","type":"Plot"},"ticker":{"id":"174410","type":"CategoricalTicker"}},"id":"174409","type":"CategoricalAxis"},{"attributes":{},"id":"174442","type":"BasicTickFormatter"},{"attributes":{},"id":"174443","type":"Selection"},{"attributes":{},"id":"174440","type":"CategoricalTickFormatter"},{"attributes":{"callback":null,"start":0},"id":"174403","type":"DataRange1d"},{"attributes":{"callback":null,"factors":["26"]},"id":"174401","type":"FactorRange"},{"attributes":{},"id":"174407","type":"LinearScale"},{"attributes":{},"id":"174405","type":"CategoricalScale"}],"root_ids":["174399"]},"title":"Bokeh Application","version":"1.0.1"}}
        </script>
        <script type="text/javascript">
          (function() {
            var fn = function() {
              Bokeh.safely(function() {
                (function(root) {
                  function embed_document(root) {
                    
                  var docs_json = document.getElementById('174502').textContent;
                  var render_items = [{"docid":"7fbae080-3e62-421b-a835-b35c35d6cbbf","roots":{"174399":"fabd2668-b38f-4c7b-af18-fa71f5547b6a"}}];
                  root.Bokeh.embed.embed_items(docs_json, render_items);
                
                  }
                  if (root.Bokeh !== undefined) {
                    embed_document(root);
                  } else {
                    var attempts = 0;
                    var timer = setInterval(function(root) {
                      if (root.Bokeh !== undefined) {
                        embed_document(root);
                        clearInterval(timer);
                      }
                      attempts++;
                      if (attempts > 100) {
                        console.log("Bokeh: ERROR: Unable to run BokehJS code because BokehJS library is missing");
                        clearInterval(timer);
                      }
                    }, 10, root)
                  }
                })(window);
              });
            };
            if (document.readyState != "loading") fn();
            else document.addEventListener("DOMContentLoaded", fn);
          })();
        </script>
    
  </body>
  
</html>