



<!DOCTYPE html>
<html lang="en">
  
  <head>
    
      <meta charset="utf-8">
      <title>Bokeh Plot</title>
      
      
        
          
        <link rel="stylesheet" href="https://cdn.pydata.org/bokeh/release/bokeh-1.0.1.min.css" type="text/css" />
        
        
          
        <script type="text/javascript" src="https://cdn.pydata.org/bokeh/release/bokeh-1.0.1.min.js"></script>
        <script type="text/javascript">
            Bokeh.set_log_level("info");
        </script>
        
      
      
    
  </head>
  
  
  <body>
    
      
        
          
          
            
              <div class="bk-root" id="53a3931b-3d6a-4e0a-9908-751a2cc29400"></div>
            
          
        
      
      
        <script type="application/json" id="174607">
          {"c7ffdfff-1639-4f89-a237-a01c74f7ab7f":{"roots":{"references":[{"attributes":{"axis_label":"Drug","formatter":{"id":"174545","type":"CategoricalTickFormatter"},"major_label_orientation":"vertical","plot":{"id":"174504","subtype":"Figure","type":"Plot"},"ticker":{"id":"174515","type":"CategoricalTicker"}},"id":"174514","type":"CategoricalAxis"},{"attributes":{},"id":"174515","type":"CategoricalTicker"},{"attributes":{"grid_line_color":{"value":null},"plot":{"id":"174504","subtype":"Figure","type":"Plot"},"ticker":{"id":"174515","type":"CategoricalTicker"}},"id":"174517","type":"Grid"},{"attributes":{},"id":"174510","type":"CategoricalScale"},{"attributes":{},"id":"174512","type":"LinearScale"},{"attributes":{"axis_label":"Number of Drug Users","formatter":{"id":"174547","type":"BasicTickFormatter"},"plot":{"id":"174504","subtype":"Figure","type":"Plot"},"ticker":{"id":"174519","type":"BasicTicker"}},"id":"174518","type":"LinearAxis"},{"attributes":{},"id":"174519","type":"BasicTicker"},{"attributes":{"callback":null,"data":{"top":[6,5,5,5,5,4,4,4,4,4,4,4,4,3,3,3,3,3,3,3,3,3,3,3,2,2,2,2,2,2,2,2,2,2,2,2,2,2,2,2,2,2,2,2,2,2,2,2,2,2,1,1,1,1,1,1,1,1,1,1,1,1,1,1,1,1,1,1,1,1,1,1,1,1,1,1,1,1,1,1,1,1,1,1,1,1,1,1,1,1,1,1,1,1,1,1,1,1,1,1,1,1,1,1,1,1,1,1,1,1,1,1,1,1],"x":["speed","black","sub","glass","e","crack","purple","hits","bars","white","north","oil","lines","nicotine","fish","k","subs","pot","pg","fire","dmt","cigs","weed","cigarettes","lsd","ketamine","tobacco","h","l","crown","acid","ice","cubensis","blow","hash","heroin","cheese","banana","psilocybin","bud","spice","j","ms","marijuana","strain","dxm","meth","blunt","xanax","nbome","gt","tincture","benzo","shrooms","liberty","zinc","dopamine","alp","cola","citalopram","trees","tbd","pst","benadryl","dextromethorphan","concerta","dabs","gabapentin","klonopin","bowls","kratom","edibles","crystal","cannabis","haze","420","dck","polistirex","nmda","changa","mdma","benzos","anxiolytics","salts","xr","cocaine","bongs","buds","cbd","tesla","m1","25i","cope","coke","serotonin","md","calcium","tar","nexus","ssri","seed","crystals","melatonin","avb","bowl","snow","vicodin","80s","lorazepam","ibogaine","mph","morphine","doc","acids"]},"selected":{"id":"174548","type":"Selection"},"selection_policy":{"id":"174549","type":"UnionRenderers"}},"id":"174538","type":"ColumnDataSource"},{"attributes":{"fill_color":{"value":"#1f77b4"},"line_color":{"value":"#1f77b4"},"top":{"field":"top"},"width":{"value":0.2},"x":{"field":"x"}},"id":"174539","type":"VBar"},{"attributes":{"bottom_units":"screen","fill_alpha":{"value":0.5},"fill_color":{"value":"lightgrey"},"left_units":"screen","level":"overlay","line_alpha":{"value":1.0},"line_color":{"value":"black"},"line_dash":[4,4],"line_width":{"value":2},"plot":null,"render_mode":"css","right_units":"screen","top_units":"screen"},"id":"174531","type":"BoxAnnotation"},{"attributes":{},"id":"174548","type":"Selection"},{"attributes":{},"id":"174545","type":"CategoricalTickFormatter"},{"attributes":{"plot":null,"text":"Drug Counts"},"id":"174503","type":"Title"},{"attributes":{"callback":null,"factors":["speed","black","sub","glass","e","crack","purple","hits","bars","white","north","oil","lines","nicotine","fish","k","subs","pot","pg","fire","dmt","cigs","weed","cigarettes","lsd","ketamine","tobacco","h","l","crown","acid","ice","cubensis","blow","hash","heroin","cheese","banana","psilocybin","bud","spice","j","ms","marijuana","strain","dxm","meth","blunt","xanax","nbome","gt","tincture","benzo","shrooms","liberty","zinc","dopamine","alp","cola","citalopram","trees","tbd","pst","benadryl","dextromethorphan","concerta","dabs","gabapentin","klonopin","bowls","kratom","edibles","crystal","cannabis","haze","420","dck","polistirex","nmda","changa","mdma","benzos","anxiolytics","salts","xr","cocaine","bongs","buds","cbd","tesla","m1","25i","cope","coke","serotonin","md","calcium","tar","nexus","ssri","seed","crystals","melatonin","avb","bowl","snow","vicodin","80s","lorazepam","ibogaine","mph","morphine","doc","acids"],"range_padding":0.01},"id":"174506","type":"FactorRange"},{"attributes":{"below":[{"id":"174514","type":"CategoricalAxis"}],"left":[{"id":"174518","type":"LinearAxis"}],"plot_height":300,"plot_width":3500,"renderers":[{"id":"174514","type":"CategoricalAxis"},{"id":"174517","type":"Grid"},{"id":"174518","type":"LinearAxis"},{"id":"174522","type":"Grid"},{"id":"174531","type":"BoxAnnotation"},{"id":"174541","type":"GlyphRenderer"}],"title":{"id":"174503","type":"Title"},"toolbar":{"id":"174529","type":"Toolbar"},"x_range":{"id":"174506","type":"FactorRange"},"x_scale":{"id":"174510","type":"CategoricalScale"},"y_range":{"id":"174508","type":"DataRange1d"},"y_scale":{"id":"174512","type":"LinearScale"}},"id":"174504","subtype":"Figure","type":"Plot"},{"attributes":{"callback":null,"start":0},"id":"174508","type":"DataRange1d"},{"attributes":{"source":{"id":"174538","type":"ColumnDataSource"}},"id":"174542","type":"CDSView"},{"attributes":{"active_drag":"auto","active_inspect":"auto","active_multi":null,"active_scroll":"auto","active_tap":"auto","tools":[{"id":"174523","type":"PanTool"},{"id":"174524","type":"WheelZoomTool"},{"id":"174525","type":"BoxZoomTool"},{"id":"174526","type":"SaveTool"},{"id":"174527","type":"ResetTool"},{"id":"174528","type":"HelpTool"}]},"id":"174529","type":"Toolbar"},{"attributes":{},"id":"174528","type":"HelpTool"},{"attributes":{"data_source":{"id":"174538","type":"ColumnDataSource"},"glyph":{"id":"174539","type":"VBar"},"hover_glyph":null,"muted_glyph":null,"nonselection_glyph":{"id":"174540","type":"VBar"},"selection_glyph":null,"view":{"id":"174542","type":"CDSView"}},"id":"174541","type":"GlyphRenderer"},{"attributes":{},"id":"174549","type":"UnionRenderers"},{"attributes":{},"id":"174526","type":"SaveTool"},{"attributes":{},"id":"174547","type":"BasicTickFormatter"},{"attributes":{},"id":"174523","type":"PanTool"},{"attributes":{"dimension":1,"plot":{"id":"174504","subtype":"Figure","type":"Plot"},"ticker":{"id":"174519","type":"BasicTicker"}},"id":"174522","type":"Grid"},{"attributes":{"overlay":{"id":"174531","type":"BoxAnnotation"}},"id":"174525","type":"BoxZoomTool"},{"attributes":{},"id":"174524","type":"WheelZoomTool"},{"attributes":{},"id":"174527","type":"ResetTool"},{"attributes":{"fill_alpha":{"value":0.1},"fill_color":{"value":"#1f77b4"},"line_alpha":{"value":0.1},"line_color":{"value":"#1f77b4"},"top":{"field":"top"},"width":{"value":0.2},"x":{"field":"x"}},"id":"174540","type":"VBar"}],"root_ids":["174504"]},"title":"Bokeh Application","version":"1.0.1"}}
        </script>
        <script type="text/javascript">
          (function() {
            var fn = function() {
              Bokeh.safely(function() {
                (function(root) {
                  function embed_document(root) {
                    
                  var docs_json = document.getElementById('174607').textContent;
                  var render_items = [{"docid":"c7ffdfff-1639-4f89-a237-a01c74f7ab7f","roots":{"174504":"53a3931b-3d6a-4e0a-9908-751a2cc29400"}}];
                  root.Bokeh.embed.embed_items(docs_json, render_items);
                
                  }
                  if (root.Bokeh !== undefined) {
                    embed_document(root);
                  } else {
                    var attempts = 0;
                    var timer = setInterval(function(root) {
                      if (root.Bokeh !== undefined) {
                        embed_document(root);
                        clearInterval(timer);
                      }
                      attempts++;
                      if (attempts > 100) {
                        console.log("Bokeh: ERROR: Unable to run BokehJS code because BokehJS library is missing");
                        clearInterval(timer);
                      }
                    }, 10, root)
                  }
                })(window);
              });
            };
            if (document.readyState != "loading") fn();
            else document.addEventListener("DOMContentLoaded", fn);
          })();
        </script>
    
  </body>
  
</html>