



<!DOCTYPE html>
<html lang="en">
  
  <head>
    
      <meta charset="utf-8">
      <title>Bokeh Plot</title>
      
      
        
          
        <link rel="stylesheet" href="https://cdn.pydata.org/bokeh/release/bokeh-1.0.1.min.css" type="text/css" />
        
        
          
        <script type="text/javascript" src="https://cdn.pydata.org/bokeh/release/bokeh-1.0.1.min.js"></script>
        <script type="text/javascript">
            Bokeh.set_log_level("info");
        </script>
        
      
      
    
  </head>
  
  
  <body>
    
      
        
          
          
            
              <div class="bk-root" id="3f870659-f8f4-410d-ba43-d64ecdc00a56"></div>
            
          
        
      
      
        <script type="application/json" id="174712">
          {"4cda8026-3243-4e01-b79f-1f1a7042a2c0":{"roots":{"references":[{"attributes":{},"id":"174617","type":"LinearScale"},{"attributes":{},"id":"174615","type":"CategoricalScale"},{"attributes":{"callback":null,"start":0},"id":"174613","type":"DataRange1d"},{"attributes":{"callback":null,"factors":["life","pain","clean","degree","cancer","smart","groups","aa","organization","meetings","death","father","program","treatment","effects","depression","subs","sober","meeting","anxiety","nc","abuse","medical","mother","addiction","personality","alive","quitting","behavior","journey","psychological","church","hospital","territory","cheeks","sobriety","project","disease","anger","court","struggles","hydrated","sickness","programs","benzo","clinic","therapist","meditation","certification","ocd","symptoms","alcoholism","secular","psychiatric","headaches","suffering","therapy","dt","nausea","masters","adulthood","bpd","withdrawal","descent","asleep","sponsor","irritation","er","scalp","teens","avoidance","evaluation","comedown","hungover","withdrawals","behaviour","addictions","intoxicated","benzos","incorporated","urges","hatred","binge","withdraws","medication","foray","withdrawl","seizures","divorce","transform","twenties","withdrawls","frustration","gym","awake","flu","psychosis","rehab","sexuality","cravings","venture","illness","exhausted","inpatient","hospitalization","relapse","na","application","diagnosis","upbringing","phd","discomfort","detox","recovery","nostrils","hungry","jail","psychiatry"],"range_padding":0.01},"id":"174611","type":"FactorRange"},{"attributes":{},"id":"174653","type":"Selection"},{"attributes":{},"id":"174652","type":"BasicTickFormatter"},{"attributes":{},"id":"174650","type":"CategoricalTickFormatter"},{"attributes":{"axis_label":"Recovery Terms","formatter":{"id":"174650","type":"CategoricalTickFormatter"},"major_label_orientation":"vertical","plot":{"id":"174609","subtype":"Figure","type":"Plot"},"ticker":{"id":"174620","type":"CategoricalTicker"}},"id":"174619","type":"CategoricalAxis"},{"attributes":{},"id":"174654","type":"UnionRenderers"},{"attributes":{"active_drag":"auto","active_inspect":"auto","active_multi":null,"active_scroll":"auto","active_tap":"auto","tools":[{"id":"174628","type":"PanTool"},{"id":"174629","type":"WheelZoomTool"},{"id":"174630","type":"BoxZoomTool"},{"id":"174631","type":"SaveTool"},{"id":"174632","type":"ResetTool"},{"id":"174633","type":"HelpTool"}]},"id":"174634","type":"Toolbar"},{"attributes":{"bottom_units":"screen","fill_alpha":{"value":0.5},"fill_color":{"value":"lightgrey"},"left_units":"screen","level":"overlay","line_alpha":{"value":1.0},"line_color":{"value":"black"},"line_dash":[4,4],"line_width":{"value":2},"plot":null,"render_mode":"css","right_units":"screen","top_units":"screen"},"id":"174636","type":"BoxAnnotation"},{"attributes":{},"id":"174631","type":"SaveTool"},{"attributes":{"overlay":{"id":"174636","type":"BoxAnnotation"}},"id":"174630","type":"BoxZoomTool"},{"attributes":{},"id":"174633","type":"HelpTool"},{"attributes":{},"id":"174632","type":"ResetTool"},{"attributes":{"fill_color":{"value":"#1f77b4"},"line_color":{"value":"#1f77b4"},"top":{"field":"top"},"width":{"value":0.2},"x":{"field":"x"}},"id":"174644","type":"VBar"},{"attributes":{"fill_alpha":{"value":0.1},"fill_color":{"value":"#1f77b4"},"line_alpha":{"value":0.1},"line_color":{"value":"#1f77b4"},"top":{"field":"top"},"width":{"value":0.2},"x":{"field":"x"}},"id":"174645","type":"VBar"},{"attributes":{"data_source":{"id":"174643","type":"ColumnDataSource"},"glyph":{"id":"174644","type":"VBar"},"hover_glyph":null,"muted_glyph":null,"nonselection_glyph":{"id":"174645","type":"VBar"},"selection_glyph":null,"view":{"id":"174647","type":"CDSView"}},"id":"174646","type":"GlyphRenderer"},{"attributes":{"source":{"id":"174643","type":"ColumnDataSource"}},"id":"174647","type":"CDSView"},{"attributes":{"callback":null,"data":{"top":[7,6,6,5,5,4,4,4,4,3,3,3,3,3,3,3,3,3,3,3,3,3,3,3,3,2,2,2,2,2,2,2,2,2,2,2,2,2,2,2,2,2,2,2,1,1,1,1,1,1,1,1,1,1,1,1,1,1,1,1,1,1,1,1,1,1,1,1,1,1,1,1,1,1,1,1,1,1,1,1,1,1,1,1,1,1,1,1,1,1,1,1,1,1,1,1,1,1,1,1,1,1,1,1,1,1,1,1,1,1,1,1,1,1,1,1,1,1],"x":["life","pain","clean","degree","cancer","smart","groups","aa","organization","meetings","death","father","program","treatment","effects","depression","subs","sober","meeting","anxiety","nc","abuse","medical","mother","addiction","personality","alive","quitting","behavior","journey","psychological","church","hospital","territory","cheeks","sobriety","project","disease","anger","court","struggles","hydrated","sickness","programs","benzo","clinic","therapist","meditation","certification","ocd","symptoms","alcoholism","secular","psychiatric","headaches","suffering","therapy","dt","nausea","masters","adulthood","bpd","withdrawal","descent","asleep","sponsor","irritation","er","scalp","teens","avoidance","evaluation","comedown","hungover","withdrawals","behaviour","addictions","intoxicated","benzos","incorporated","urges","hatred","binge","withdraws","medication","foray","withdrawl","seizures","divorce","transform","twenties","withdrawls","frustration","gym","awake","flu","psychosis","rehab","sexuality","cravings","venture","illness","exhausted","inpatient","hospitalization","relapse","na","application","diagnosis","upbringing","phd","discomfort","detox","recovery","nostrils","hungry","jail","psychiatry"]},"selected":{"id":"174653","type":"Selection"},"selection_policy":{"id":"174654","type":"UnionRenderers"}},"id":"174643","type":"ColumnDataSource"},{"attributes":{"plot":null,"text":"Recovery Term Counts"},"id":"174608","type":"Title"},{"attributes":{"below":[{"id":"174619","type":"CategoricalAxis"}],"left":[{"id":"174623","type":"LinearAxis"}],"plot_height":300,"plot_width":3500,"renderers":[{"id":"174619","type":"CategoricalAxis"},{"id":"174622","type":"Grid"},{"id":"174623","type":"LinearAxis"},{"id":"174627","type":"Grid"},{"id":"174636","type":"BoxAnnotation"},{"id":"174646","type":"GlyphRenderer"}],"title":{"id":"174608","type":"Title"},"toolbar":{"id":"174634","type":"Toolbar"},"x_range":{"id":"174611","type":"FactorRange"},"x_scale":{"id":"174615","type":"CategoricalScale"},"y_range":{"id":"174613","type":"DataRange1d"},"y_scale":{"id":"174617","type":"LinearScale"}},"id":"174609","subtype":"Figure","type":"Plot"},{"attributes":{},"id":"174628","type":"PanTool"},{"attributes":{},"id":"174629","type":"WheelZoomTool"},{"attributes":{"dimension":1,"plot":{"id":"174609","subtype":"Figure","type":"Plot"},"ticker":{"id":"174624","type":"BasicTicker"}},"id":"174627","type":"Grid"},{"attributes":{},"id":"174624","type":"BasicTicker"},{"attributes":{"grid_line_color":{"value":null},"plot":{"id":"174609","subtype":"Figure","type":"Plot"},"ticker":{"id":"174620","type":"CategoricalTicker"}},"id":"174622","type":"Grid"},{"attributes":{"axis_label":"Number of Drug Users","formatter":{"id":"174652","type":"BasicTickFormatter"},"plot":{"id":"174609","subtype":"Figure","type":"Plot"},"ticker":{"id":"174624","type":"BasicTicker"}},"id":"174623","type":"LinearAxis"},{"attributes":{},"id":"174620","type":"CategoricalTicker"}],"root_ids":["174609"]},"title":"Bokeh Application","version":"1.0.1"}}
        </script>
        <script type="text/javascript">
          (function() {
            var fn = function() {
              Bokeh.safely(function() {
                (function(root) {
                  function embed_document(root) {
                    
                  var docs_json = document.getElementById('174712').textContent;
                  var render_items = [{"docid":"4cda8026-3243-4e01-b79f-1f1a7042a2c0","roots":{"174609":"3f870659-f8f4-410d-ba43-d64ecdc00a56"}}];
                  root.Bokeh.embed.embed_items(docs_json, render_items);
                
                  }
                  if (root.Bokeh !== undefined) {
                    embed_document(root);
                  } else {
                    var attempts = 0;
                    var timer = setInterval(function(root) {
                      if (root.Bokeh !== undefined) {
                        embed_document(root);
                        clearInterval(timer);
                      }
                      attempts++;
                      if (attempts > 100) {
                        console.log("Bokeh: ERROR: Unable to run BokehJS code because BokehJS library is missing");
                        clearInterval(timer);
                      }
                    }, 10, root)
                  }
                })(window);
              });
            };
            if (document.readyState != "loading") fn();
            else document.addEventListener("DOMContentLoaded", fn);
          })();
        </script>
    
  </body>
  
</html>