



<!DOCTYPE html>
<html lang="en">
  
  <head>
    
      <meta charset="utf-8">
      <title>Bokeh Plot</title>
      
      
        
          
        <link rel="stylesheet" href="https://cdn.pydata.org/bokeh/release/bokeh-1.0.1.min.css" type="text/css" />
        
        
          
        <script type="text/javascript" src="https://cdn.pydata.org/bokeh/release/bokeh-1.0.1.min.js"></script>
        <script type="text/javascript">
            Bokeh.set_log_level("info");
        </script>
        
      
      
    
  </head>
  
  
  <body>
    
      
        
          
          
            
              <div class="bk-root" id="da2a40f9-048b-4e3e-99c6-06adcffcdabb"></div>
            
          
        
      
      
        <script type="application/json" id="209056">
          {"aa41cb09-dfb0-424e-99c2-f2a110621af1":{"roots":{"references":[{"attributes":{"bottom_units":"screen","fill_alpha":{"value":0.5},"fill_color":{"value":"lightgrey"},"left_units":"screen","level":"overlay","line_alpha":{"value":1.0},"line_color":{"value":"black"},"line_dash":[4,4],"line_width":{"value":2},"plot":null,"render_mode":"css","right_units":"screen","top_units":"screen"},"id":"208980","type":"BoxAnnotation"},{"attributes":{"callback":null,"data":{"top":[1,1,1,1,1,1,1,1,1,1,1,1,1,1,1,1,1],"x":["groups","life","pain","recovery","wilderness","medical","disease","project","application","antibiotics","journey","suffering","clean","diagnosis","meeting","smart","er"]},"selected":{"id":"208997","type":"Selection"},"selection_policy":{"id":"208998","type":"UnionRenderers"}},"id":"208987","type":"ColumnDataSource"},{"attributes":{"fill_alpha":{"value":0.1},"fill_color":{"value":"#1f77b4"},"line_alpha":{"value":0.1},"line_color":{"value":"#1f77b4"},"top":{"field":"top"},"width":{"value":0.2},"x":{"field":"x"}},"id":"208989","type":"VBar"},{"attributes":{"fill_color":{"value":"#1f77b4"},"line_color":{"value":"#1f77b4"},"top":{"field":"top"},"width":{"value":0.2},"x":{"field":"x"}},"id":"208988","type":"VBar"},{"attributes":{"plot":null,"text":"Recovery Term Counts"},"id":"208952","type":"Title"},{"attributes":{"callback":null,"start":0},"id":"208957","type":"DataRange1d"},{"attributes":{"callback":null,"factors":["groups","life","pain","recovery","wilderness","medical","disease","project","application","antibiotics","journey","suffering","clean","diagnosis","meeting","smart","er"],"range_padding":0.01},"id":"208955","type":"FactorRange"},{"attributes":{},"id":"208968","type":"BasicTicker"},{"attributes":{"axis_label":"Number of Drug Users","formatter":{"id":"208996","type":"BasicTickFormatter"},"plot":{"id":"208953","subtype":"Figure","type":"Plot"},"ticker":{"id":"208968","type":"BasicTicker"}},"id":"208967","type":"LinearAxis"},{"attributes":{"grid_line_color":{"value":null},"plot":{"id":"208953","subtype":"Figure","type":"Plot"},"ticker":{"id":"208964","type":"CategoricalTicker"}},"id":"208966","type":"Grid"},{"attributes":{},"id":"208964","type":"CategoricalTicker"},{"attributes":{"axis_label":"Recovery Terms","formatter":{"id":"208994","type":"CategoricalTickFormatter"},"major_label_orientation":"vertical","plot":{"id":"208953","subtype":"Figure","type":"Plot"},"ticker":{"id":"208964","type":"CategoricalTicker"}},"id":"208963","type":"CategoricalAxis"},{"attributes":{},"id":"208961","type":"LinearScale"},{"attributes":{"below":[{"id":"208963","type":"CategoricalAxis"}],"left":[{"id":"208967","type":"LinearAxis"}],"plot_height":300,"plot_width":2000,"renderers":[{"id":"208963","type":"CategoricalAxis"},{"id":"208966","type":"Grid"},{"id":"208967","type":"LinearAxis"},{"id":"208971","type":"Grid"},{"id":"208980","type":"BoxAnnotation"},{"id":"208990","type":"GlyphRenderer"}],"title":{"id":"208952","type":"Title"},"toolbar":{"id":"208978","type":"Toolbar"},"x_range":{"id":"208955","type":"FactorRange"},"x_scale":{"id":"208959","type":"CategoricalScale"},"y_range":{"id":"208957","type":"DataRange1d"},"y_scale":{"id":"208961","type":"LinearScale"}},"id":"208953","subtype":"Figure","type":"Plot"},{"attributes":{"data_source":{"id":"208987","type":"ColumnDataSource"},"glyph":{"id":"208988","type":"VBar"},"hover_glyph":null,"muted_glyph":null,"nonselection_glyph":{"id":"208989","type":"VBar"},"selection_glyph":null,"view":{"id":"208991","type":"CDSView"}},"id":"208990","type":"GlyphRenderer"},{"attributes":{"source":{"id":"208987","type":"ColumnDataSource"}},"id":"208991","type":"CDSView"},{"attributes":{},"id":"208996","type":"BasicTickFormatter"},{"attributes":{},"id":"208997","type":"Selection"},{"attributes":{},"id":"208994","type":"CategoricalTickFormatter"},{"attributes":{},"id":"208998","type":"UnionRenderers"},{"attributes":{"dimension":1,"plot":{"id":"208953","subtype":"Figure","type":"Plot"},"ticker":{"id":"208968","type":"BasicTicker"}},"id":"208971","type":"Grid"},{"attributes":{},"id":"208972","type":"PanTool"},{"attributes":{},"id":"208973","type":"WheelZoomTool"},{"attributes":{"overlay":{"id":"208980","type":"BoxAnnotation"}},"id":"208974","type":"BoxZoomTool"},{"attributes":{},"id":"208975","type":"SaveTool"},{"attributes":{},"id":"208976","type":"ResetTool"},{"attributes":{},"id":"208977","type":"HelpTool"},{"attributes":{"active_drag":"auto","active_inspect":"auto","active_multi":null,"active_scroll":"auto","active_tap":"auto","tools":[{"id":"208972","type":"PanTool"},{"id":"208973","type":"WheelZoomTool"},{"id":"208974","type":"BoxZoomTool"},{"id":"208975","type":"SaveTool"},{"id":"208976","type":"ResetTool"},{"id":"208977","type":"HelpTool"}]},"id":"208978","type":"Toolbar"},{"attributes":{},"id":"208959","type":"CategoricalScale"}],"root_ids":["208953"]},"title":"Bokeh Application","version":"1.0.1"}}
        </script>
        <script type="text/javascript">
          (function() {
            var fn = function() {
              Bokeh.safely(function() {
                (function(root) {
                  function embed_document(root) {
                    
                  var docs_json = document.getElementById('209056').textContent;
                  var render_items = [{"docid":"aa41cb09-dfb0-424e-99c2-f2a110621af1","roots":{"208953":"da2a40f9-048b-4e3e-99c6-06adcffcdabb"}}];
                  root.Bokeh.embed.embed_items(docs_json, render_items);
                
                  }
                  if (root.Bokeh !== undefined) {
                    embed_document(root);
                  } else {
                    var attempts = 0;
                    var timer = setInterval(function(root) {
                      if (root.Bokeh !== undefined) {
                        embed_document(root);
                        clearInterval(timer);
                      }
                      attempts++;
                      if (attempts > 100) {
                        console.log("Bokeh: ERROR: Unable to run BokehJS code because BokehJS library is missing");
                        clearInterval(timer);
                      }
                    }, 10, root)
                  }
                })(window);
              });
            };
            if (document.readyState != "loading") fn();
            else document.addEventListener("DOMContentLoaded", fn);
          })();
        </script>
    
  </body>
  
</html>