



<!DOCTYPE html>
<html lang="en">
  
  <head>
    
      <meta charset="utf-8">
      <title>Bokeh Plot</title>
      
      
        
          
        <link rel="stylesheet" href="https://cdn.pydata.org/bokeh/release/bokeh-1.0.1.min.css" type="text/css" />
        
        
          
        <script type="text/javascript" src="https://cdn.pydata.org/bokeh/release/bokeh-1.0.1.min.js"></script>
        <script type="text/javascript">
            Bokeh.set_log_level("info");
        </script>
        
      
      
    
  </head>
  
  
  <body>
    
      
        
          
          
            
              <div class="bk-root" id="19e6780d-e6f2-4e3a-9688-b71018445b8c"></div>
            
          
        
      
      
        <script type="application/json" id="209162">
          {"2d5896e3-9e15-4e09-b913-ecbdcf7baeab":{"roots":{"references":[{"attributes":{"plot":null,"text":"Golden - Average Sentiment Score = 0.0 and Standard Deviation = 0.0"},"id":"209058","type":"Title"},{"attributes":{"below":[{"id":"209069","type":"CategoricalAxis"}],"left":[{"id":"209073","type":"LinearAxis"}],"plot_height":250,"renderers":[{"id":"209069","type":"CategoricalAxis"},{"id":"209072","type":"Grid"},{"id":"209073","type":"LinearAxis"},{"id":"209077","type":"Grid"},{"id":"209086","type":"BoxAnnotation"},{"id":"209096","type":"GlyphRenderer"}],"title":{"id":"209058","type":"Title"},"toolbar":{"id":"209084","type":"Toolbar"},"x_range":{"id":"209061","type":"FactorRange"},"x_scale":{"id":"209065","type":"CategoricalScale"},"y_range":{"id":"209063","type":"DataRange1d"},"y_scale":{"id":"209067","type":"LinearScale"}},"id":"209059","subtype":"Figure","type":"Plot"},{"attributes":{"bottom_units":"screen","fill_alpha":{"value":0.5},"fill_color":{"value":"lightgrey"},"left_units":"screen","level":"overlay","line_alpha":{"value":1.0},"line_color":{"value":"black"},"line_dash":[4,4],"line_width":{"value":2},"plot":null,"render_mode":"css","right_units":"screen","top_units":"screen"},"id":"209086","type":"BoxAnnotation"},{"attributes":{"active_drag":"auto","active_inspect":"auto","active_multi":null,"active_scroll":"auto","active_tap":"auto","tools":[{"id":"209078","type":"PanTool"},{"id":"209079","type":"WheelZoomTool"},{"id":"209080","type":"BoxZoomTool"},{"id":"209081","type":"SaveTool"},{"id":"209082","type":"ResetTool"},{"id":"209083","type":"HelpTool"}]},"id":"209084","type":"Toolbar"},{"attributes":{},"id":"209083","type":"HelpTool"},{"attributes":{},"id":"209082","type":"ResetTool"},{"attributes":{},"id":"209081","type":"SaveTool"},{"attributes":{"overlay":{"id":"209086","type":"BoxAnnotation"}},"id":"209080","type":"BoxZoomTool"},{"attributes":{"axis_label":"Sentiment Score","formatter":{"id":"209100","type":"CategoricalTickFormatter"},"major_label_orientation":0.7853981633974483,"plot":{"id":"209059","subtype":"Figure","type":"Plot"},"ticker":{"id":"209070","type":"CategoricalTicker"}},"id":"209069","type":"CategoricalAxis"},{"attributes":{},"id":"209104","type":"UnionRenderers"},{"attributes":{},"id":"209102","type":"BasicTickFormatter"},{"attributes":{},"id":"209103","type":"Selection"},{"attributes":{},"id":"209100","type":"CategoricalTickFormatter"},{"attributes":{"callback":null,"factors":["0.0"]},"id":"209061","type":"FactorRange"},{"attributes":{"callback":null,"start":0},"id":"209063","type":"DataRange1d"},{"attributes":{},"id":"209065","type":"CategoricalScale"},{"attributes":{},"id":"209067","type":"LinearScale"},{"attributes":{"callback":null,"data":{"fill_color":["grey"],"line_color":["grey"],"top":[1],"x":["0.0"]},"selected":{"id":"209103","type":"Selection"},"selection_policy":{"id":"209104","type":"UnionRenderers"}},"id":"209093","type":"ColumnDataSource"},{"attributes":{"fill_color":{"field":"fill_color"},"line_color":{"field":"line_color"},"top":{"field":"top"},"width":{"value":1},"x":{"field":"x"}},"id":"209094","type":"VBar"},{"attributes":{"fill_alpha":{"value":0.1},"fill_color":{"value":"#1f77b4"},"line_alpha":{"value":0.1},"line_color":{"value":"#1f77b4"},"top":{"field":"top"},"width":{"value":1},"x":{"field":"x"}},"id":"209095","type":"VBar"},{"attributes":{"data_source":{"id":"209093","type":"ColumnDataSource"},"glyph":{"id":"209094","type":"VBar"},"hover_glyph":null,"muted_glyph":null,"nonselection_glyph":{"id":"209095","type":"VBar"},"selection_glyph":null,"view":{"id":"209097","type":"CDSView"}},"id":"209096","type":"GlyphRenderer"},{"attributes":{"source":{"id":"209093","type":"ColumnDataSource"}},"id":"209097","type":"CDSView"},{"attributes":{},"id":"209078","type":"PanTool"},{"attributes":{},"id":"209079","type":"WheelZoomTool"},{"attributes":{"grid_line_color":{"value":null},"plot":{"id":"209059","subtype":"Figure","type":"Plot"},"ticker":{"id":"209070","type":"CategoricalTicker"}},"id":"209072","type":"Grid"},{"attributes":{"axis_label":"Number of Drug Users","formatter":{"id":"209102","type":"BasicTickFormatter"},"plot":{"id":"209059","subtype":"Figure","type":"Plot"},"ticker":{"id":"209074","type":"BasicTicker"}},"id":"209073","type":"LinearAxis"},{"attributes":{},"id":"209070","type":"CategoricalTicker"},{"attributes":{"dimension":1,"plot":{"id":"209059","subtype":"Figure","type":"Plot"},"ticker":{"id":"209074","type":"BasicTicker"}},"id":"209077","type":"Grid"},{"attributes":{},"id":"209074","type":"BasicTicker"}],"root_ids":["209059"]},"title":"Bokeh Application","version":"1.0.1"}}
        </script>
        <script type="text/javascript">
          (function() {
            var fn = function() {
              Bokeh.safely(function() {
                (function(root) {
                  function embed_document(root) {
                    
                  var docs_json = document.getElementById('209162').textContent;
                  var render_items = [{"docid":"2d5896e3-9e15-4e09-b913-ecbdcf7baeab","roots":{"209059":"19e6780d-e6f2-4e3a-9688-b71018445b8c"}}];
                  root.Bokeh.embed.embed_items(docs_json, render_items);
                
                  }
                  if (root.Bokeh !== undefined) {
                    embed_document(root);
                  } else {
                    var attempts = 0;
                    var timer = setInterval(function(root) {
                      if (root.Bokeh !== undefined) {
                        embed_document(root);
                        clearInterval(timer);
                      }
                      attempts++;
                      if (attempts > 100) {
                        console.log("Bokeh: ERROR: Unable to run BokehJS code because BokehJS library is missing");
                        clearInterval(timer);
                      }
                    }, 10, root)
                  }
                })(window);
              });
            };
            if (document.readyState != "loading") fn();
            else document.addEventListener("DOMContentLoaded", fn);
          })();
        </script>
    
  </body>
  
</html>